// Jest Snapshot v1, https://goo.gl/fbAQLP

exports[`ListContainer renders a list of HA characters on the page 1`] = `
<h3>
  Hey Arnold Characters Page!
</h3>
`;
